
> education_agent@0.1.0 build
> next build

Γû▓ Next.js 16.1.6 (Turbopack)

node.exe : ΓÜá The "middleware" file 
convention is deprecated. Please use 
"proxy" instead. Learn more: https://ne
xtjs.org/docs/messages/middleware-to-pr
oxy
At line:1 char:1
+ & "C:\Program Files\nodejs/node.exe" 
"C:\Users\serte\AppData\Roaming\ ...
+ ~~~~~~~~~~~~~~~~~~~~~~~~~~~~~~~~~~~~~
~~~~~~~~~~~~~~~~~~~~~~~~~~~~~~~~
    + CategoryInfo          : NotSpeci 
   fied: (ΓÜá The "middle...leware-to  
  -proxy:String) [], RemoteException
    + FullyQualifiedErrorId : NativeCo 
   mmandError
 
  Creating an optimized production build ...

> Build error occurred
Error: Turbopack build failed with 1 
errors:
./src/app/[locale]/tools/pathway-planne
r/PathwayPlannerClient.tsx:10:10
Ecmascript file had an error
[0m [90m  8 |[39m [36mimport[39m 
jsPDF [36mfrom[39m 
[32m"jspdf"[39m[33m;[39m
 [90m  9 |[39m [36mimport[39m 
html2canvas [36mfrom[39m 
[32m"html2canvas"[39m[33m;[39m
[31m[1m>[22m[39m[90m 10 |[39m 
[36mimport[39m { 
generatePathway[33m,[39m 
[33mStudyLevel[39m[33m,[39m 
[33mEnglishLevel[39m[33m,[39m 
[33mTargetCareer[39m } 
[36mfrom[39m [32m"@/constants/pathwa
ys"[39m[33m;[39m
 [90m    |[39m          [31m[1m^[2
2m[39m[31m[1m^[22m[39m[31m[1m^[
22m[39m[31m[1m^[22m[39m[31m[1m^
[22m[39m[31m[1m^[22m[39m[31m[1m^
[22m[39m[31m[1m^[22m[39m[31m[1m
^[22m[39m[31m[1m^[22m[39m[31m[1
m^[22m[39m[31m[1m^[22m[39m[31m[
1m^[22m[39m[31m[1m^[22m[39m[31m
[1m^[22m[39m
 [90m 11 |[39m
 [90m 12 |[39m [36mexport[39m 
[36mfunction[39m 
[33mPathwayPlannerClient[39m() {
 [90m 13 |[39m     [36mconst[39m t 
[33m=[39m useTranslations([32m"pathw
ayPlanner"[39m)[33m;[39m[0m

the name `generatePathway` is defined 
multiple times

Import trace:
  Server Component:
    ./src/app/[locale]/tools/pathway-pl
anner/PathwayPlannerClient.tsx
    ./src/app/[locale]/tools/pathway-pl
anner/page.tsx


    at <unknown> (./src/app/[locale]/to
ols/pathway-planner/PathwayPlannerClien
t.tsx:10:10)
