
> education_agent@0.1.0 build
> next build

Γû▓ Next.js 16.1.6 (Turbopack)

node.exe : ΓÜá The "middleware" file 
convention is deprecated. Please use 
"proxy" instead. Learn more: https://ne
xtjs.org/docs/messages/middleware-to-pr
oxy
At line:1 char:1
+ & "C:\Program Files\nodejs/node.exe" 
"C:\Users\serte\AppData\Roaming\ ...
+ ~~~~~~~~~~~~~~~~~~~~~~~~~~~~~~~~~~~~~
~~~~~~~~~~~~~~~~~~~~~~~~~~~~~~~~
    + CategoryInfo          : NotSpeci 
   fied: (ΓÜá The "middle...leware-to  
  -proxy:String) [], RemoteException
    + FullyQualifiedErrorId : NativeCo 
   mmandError
 
  Creating an optimized production build ...
Γ£ô Compiled successfully in 1847.7ms
  Running TypeScript ...
Failed to compile.

./src/app/[locale]/layout.tsx:36:21
Type error: Cannot find name 
'getTranslations'.

[0m [90m 34 |[39m     }
 [90m 35 |[39m
[31m[1m>[22m[39m[90m 36 |[39m    
 [36mconst[39m t [33m=[39m 
[36mawait[39m getTranslations({ 
locale[33m,[39m namespace[33m:[39m 
[32m"metadata"[39m })[33m;[39m
 [90m    |[39m                     
[31m[1m^[22m[39m
 [90m 37 |[39m
 [90m 38 |[39m     [36mreturn[39m {
 [90m 39 |[39m         
title[33m:[39m 
t([32m"title"[39m)[33m,[39m[0m
Next.js build worker exited with code: 
1 and signal: null
